Archive member included to satisfy reference by file (symbol)

/home/alan/stm32f103c8t6/libopencm3/lib/libopencm3_stm32f1.a(gpio.o)
                              low_app_layer/gpio_low_app/gpio_hal/gpio_init.o (gpio_set_mode)
/home/alan/stm32f103c8t6/libopencm3/lib/libopencm3_stm32f1.a(rcc.o)
                              main.o (rcc_clock_setup_in_hse_8mhz_out_72mhz)
/home/alan/stm32f103c8t6/libopencm3/lib/libopencm3_stm32f1.a(gpio_common_all.o)
                              low_app_layer/gpio_low_app/gpio_hal/gpio_init.o (gpio_set)
/home/alan/stm32f103c8t6/libopencm3/lib/libopencm3_stm32f1.a(timer_common_all.o)
                              low_app_layer/tim_low_app/tim_hal/tim_init.o (timer_enable_irq)
/home/alan/stm32f103c8t6/libopencm3/lib/libopencm3_stm32f1.a(usart_common_all.o)
                              low_app_layer/uart_low_app/uart_hal/uart_init.o (usart_set_baudrate)
/home/alan/stm32f103c8t6/libopencm3/lib/libopencm3_stm32f1.a(usart_common_f124.o)
                              /home/alan/stm32f103c8t6/libopencm3/lib/libopencm3_stm32f1.a(usart_common_all.o) (usart_send)
/home/alan/stm32f103c8t6/libopencm3/lib/libopencm3_stm32f1.a(rcc_common_all.o)
                              low_app_layer/gpio_low_app/gpio_hal/gpio_init.o (rcc_periph_clock_enable)
/home/alan/stm32f103c8t6/libopencm3/lib/libopencm3_stm32f1.a(flash_common_f01.o)
                              /home/alan/stm32f103c8t6/libopencm3/lib/libopencm3_stm32f1.a(rcc.o) (flash_set_ws)
/home/alan/stm32f103c8t6/libopencm3/lib/libopencm3_stm32f1.a(vector.o)
                              (reset_handler)
/home/alan/stm32f103c8t6/libopencm3/lib/libopencm3_stm32f1.a(nvic.o)
                              low_app_layer/uart_low_app/uart_hal/uart_init.o (nvic_enable_irq)
/home/alan/stm32f103c8t6/libopencm3/lib/libopencm3_stm32f1.a(assert.o)
                              /home/alan/stm32f103c8t6/libopencm3/lib/libopencm3_stm32f1.a(rcc.o) (cm3_assert_failed)
/home/alan/stm32f103c8t6/libopencm3/lib/libopencm3_stm32f1.a(flash.o)
                              /home/alan/stm32f103c8t6/libopencm3/lib/libopencm3_stm32f1.a(flash_common_f01.o) (flash_get_status_flags)

Discarded input sections

 .text          0x0000000000000000        0x0 main.o
 .data          0x0000000000000000        0x0 main.o
 .bss           0x0000000000000000        0x0 main.o
 .text.leds_dinamic
                0x0000000000000000       0x1a main.o
 .text          0x0000000000000000        0x0 low_app_layer/gpio_low_app/gpio_start.o
 .data          0x0000000000000000        0x0 low_app_layer/gpio_low_app/gpio_start.o
 .bss           0x0000000000000000        0x0 low_app_layer/gpio_low_app/gpio_start.o
 .text          0x0000000000000000        0x0 low_app_layer/gpio_low_app/gpio_hal/gpio_init.o
 .data          0x0000000000000000        0x0 low_app_layer/gpio_low_app/gpio_hal/gpio_init.o
 .bss           0x0000000000000000        0x0 low_app_layer/gpio_low_app/gpio_hal/gpio_init.o
 .text          0x0000000000000000        0x0 low_app_layer/uart_low_app/uart_start.o
 .data          0x0000000000000000        0x0 low_app_layer/uart_low_app/uart_start.o
 .bss           0x0000000000000000        0x0 low_app_layer/uart_low_app/uart_start.o
 .text          0x0000000000000000        0x0 low_app_layer/uart_low_app/uart_hal/uart_init.o
 .data          0x0000000000000000        0x0 low_app_layer/uart_low_app/uart_hal/uart_init.o
 .bss           0x0000000000000000        0x0 low_app_layer/uart_low_app/uart_hal/uart_init.o
 .text          0x0000000000000000        0x0 low_app_layer/tim_low_app/tim_start.o
 .data          0x0000000000000000        0x0 low_app_layer/tim_low_app/tim_start.o
 .bss           0x0000000000000000        0x0 low_app_layer/tim_low_app/tim_start.o
 .text          0x0000000000000000        0x0 low_app_layer/tim_low_app/tim_hal/tim_init.o
 .data          0x0000000000000000        0x0 low_app_layer/tim_low_app/tim_hal/tim_init.o
 .bss           0x0000000000000000        0x0 low_app_layer/tim_low_app/tim_hal/tim_init.o
 .text          0x0000000000000000        0x0 low_app_layer/I2C_low_app/i2c_Virtual.o
 .data          0x0000000000000000        0x0 low_app_layer/I2C_low_app/i2c_Virtual.o
 .bss           0x0000000000000000        0x0 low_app_layer/I2C_low_app/i2c_Virtual.o
 .text          0x0000000000000000        0x0 low_app_layer/adc_low_app/adc_start.o
 .data          0x0000000000000000        0x0 low_app_layer/adc_low_app/adc_start.o
 .bss           0x0000000000000000        0x0 low_app_layer/adc_low_app/adc_start.o
 .text          0x0000000000000000        0x0 low_app_layer/adc_low_app/adc_hal/adc_i2c_init.o
 .data          0x0000000000000000        0x0 low_app_layer/adc_low_app/adc_hal/adc_i2c_init.o
 .bss           0x0000000000000000        0x0 low_app_layer/adc_low_app/adc_hal/adc_i2c_init.o
 .group         0x0000000000000000        0xc /home/alan/stm32f103c8t6/libopencm3/lib/libopencm3_stm32f1.a(gpio.o)
[...]
Memory Configuration

Name             Origin             Length             Attributes
rom              0x0000000008000000 0x0000000000010000 xr
ram              0x0000000020000000 0x0000000000005000 xrw
*default*        0x0000000000000000 0xffffffffffffffff

Linker script and memory map

LOAD main.o
LOAD low_app_layer/gpio_low_app/gpio_start.o
LOAD low_app_layer/gpio_low_app/gpio_hal/gpio_init.o
LOAD low_app_layer/uart_low_app/uart_start.o
LOAD low_app_layer/uart_low_app/uart_hal/uart_init.o
LOAD low_app_layer/tim_low_app/tim_start.o
LOAD low_app_layer/tim_low_app/tim_hal/tim_init.o
LOAD low_app_layer/I2C_low_app/i2c_Virtual.o
LOAD low_app_layer/adc_low_app/adc_start.o
LOAD low_app_layer/adc_low_app/adc_hal/adc_i2c_init.o
START GROUP
LOAD /opt/gcc-arm/bin/../lib/gcc/arm-none-eabi/9.2.1/../../../../arm-none-eabi/lib/thumb/v7-m/nofp/libc.a
LOAD /opt/gcc-arm/bin/../lib/gcc/arm-none-eabi/9.2.1/thumb/v7-m/nofp/libgcc.a
LOAD /opt/gcc-arm/bin/../lib/gcc/arm-none-eabi/9.2.1/../../../../arm-none-eabi/lib/thumb/v7-m/nofp/libnosys.a
END GROUP
LOAD /home/alan/stm32f103c8t6//rtos/libwwg/libwwg.a
LOAD /home/alan/stm32f103c8t6/libopencm3/lib/libopencm3_stm32f1.a
START GROUP
LOAD /opt/gcc-arm/bin/../lib/gcc/arm-none-eabi/9.2.1/thumb/v7-m/nofp/libgcc.a
LOAD /opt/gcc-arm/bin/../lib/gcc/arm-none-eabi/9.2.1/../../../../arm-none-eabi/lib/thumb/v7-m/nofp/libc.a
END GROUP
START GROUP
LOAD /opt/gcc-arm/bin/../lib/gcc/arm-none-eabi/9.2.1/thumb/v7-m/nofp/libgcc.a
LOAD /opt/gcc-arm/bin/../lib/gcc/arm-none-eabi/9.2.1/../../../../arm-none-eabi/lib/thumb/v7-m/nofp/libc.a
LOAD /opt/gcc-arm/bin/../lib/gcc/arm-none-eabi/9.2.1/../../../../arm-none-eabi/lib/thumb/v7-m/nofp/libnosys.a
END GROUP

.text           0x0000000008000000     0x1174
 *(.vectors)
 .vectors       0x0000000008000000      0x150 /home/alan/stm32f103c8t6/libopencm3/lib/libopencm3_stm32f1.a(vector.o)
                0x0000000008000000                vector_table
 *(.text*)
 .text.temp_sensor
                0x0000000008000150        0xc main.o
                0x0000000008000150                temp_sensor
 .text.uart1_stop_receiving
                0x000000000800015c        0xc main.o
                0x000000000800015c                uart1_stop_receiving
 .text.convertIntToChar
                0x0000000008000168       0x22 main.o
                0x0000000008000168                convertIntToChar
 .text.send_word
                0x000000000800018a       0x12 main.o
                0x000000000800018a                send_word
 .text.adc_status_changed
                0x000000000800019c       0x80 main.o
                0x000000000800019c                adc_status_changed
 .text.uart_status_changed
                0x000000000800021c      0x160 main.o
                0x000000000800021c                uart_status_changed
 .text.startup.main
                0x000000000800037c       0x44 main.o
                0x000000000800037c                main
 .text.gpio_setup
                0x00000000080003c0       0x48 low_app_layer/gpio_low_app/gpio_start.o
                0x00000000080003c0                gpio_setup
 .text.gpio_toggle_to_max
                0x0000000008000408       0x1c low_app_layer/gpio_low_app/gpio_start.o
                0x0000000008000408                gpio_toggle_to_max
 .text.gpio_toggle_to_min
                0x0000000008000424       0x1c low_app_layer/gpio_low_app/gpio_start.o
                0x0000000008000424                gpio_toggle_to_min
 .text.gpio_toggle_to_normal
                0x0000000008000440       0x1c low_app_layer/gpio_low_app/gpio_start.o
                0x0000000008000440                gpio_toggle_to_normal
 .text.gpio_init_analog_input
                0x000000000800045c       0x1c low_app_layer/gpio_low_app/gpio_hal/gpio_init.o
                0x000000000800045c                gpio_init_analog_input
 .text.gpio_init_pushpull_output
                0x0000000008000478       0x24 low_app_layer/gpio_low_app/gpio_hal/gpio_init.o
                0x0000000008000478                gpio_init_pushpull_output
 .text.gpio_init_usart_rx_tx
                0x000000000800049c       0x2a low_app_layer/gpio_low_app/gpio_hal/gpio_init.o
                0x000000000800049c                gpio_init_usart_rx_tx
 .text.gpio_clear_
                0x00000000080004c6        0x4 low_app_layer/gpio_low_app/gpio_hal/gpio_init.o
                0x00000000080004c6                gpio_clear_
 .text.gpio_set_
                0x00000000080004ca        0x4 low_app_layer/gpio_low_app/gpio_hal/gpio_init.o
                0x00000000080004ca                gpio_set_
 *fill*         0x00000000080004ce        0x2 
 .text.uart_setup
                0x00000000080004d0       0x24 low_app_layer/uart_low_app/uart_start.o
                0x00000000080004d0                uart_setup
 .text.usart1_isr
                0x00000000080004f4        0xe low_app_layer/uart_low_app/uart_start.o
                0x00000000080004f4                usart1_isr
 *fill*         0x0000000008000502        0x2 
 .text.uart_putc
                0x0000000008000504        0xc low_app_layer/uart_low_app/uart_start.o
                0x0000000008000504                uart_putc
 .text.read_uart
                0x0000000008000510        0xc low_app_layer/uart_low_app/uart_start.o
                0x0000000008000510                read_uart
 .text.uart_init
                0x000000000800051c       0x46 low_app_layer/uart_low_app/uart_hal/uart_init.o
                0x000000000800051c                uart_init
 .text.usart_nvic
                0x0000000008000562       0x14 low_app_layer/uart_low_app/uart_hal/uart_init.o
                0x0000000008000562                usart_nvic
 *fill*         0x0000000008000576        0x2 
 .text.uart1_clear_flag
                0x0000000008000578       0x10 low_app_layer/uart_low_app/uart_hal/uart_init.o
                0x0000000008000578                uart1_clear_flag
 .text.tim_setup
                0x0000000008000588       0x24 low_app_layer/tim_low_app/tim_start.o
                0x0000000008000588                tim_setup
 .text.tim3_setup
                0x00000000080005ac       0x28 low_app_layer/tim_low_app/tim_start.o
                0x00000000080005ac                tim3_setup
 .text.tim3_duty_cycle
                0x00000000080005d4       0x10 low_app_layer/tim_low_app/tim_start.o
                0x00000000080005d4                tim3_duty_cycle
 .text.tim_status
                0x00000000080005e4       0x18 low_app_layer/tim_low_app/tim_start.o
                0x00000000080005e4                tim_status
 .text.tim2_isr
                0x00000000080005fc       0x14 low_app_layer/tim_low_app/tim_start.o
                0x00000000080005fc                tim2_isr
 .text.tim_init
                0x0000000008000610       0x56 low_app_layer/tim_low_app/tim_hal/tim_init.o
                0x0000000008000610                tim_init
 .text.enable_irq
                0x0000000008000666       0x16 low_app_layer/tim_low_app/tim_hal/tim_init.o
                0x0000000008000666                enable_irq
 .text.enable_pwm
                0x000000000800067c       0x60 low_app_layer/tim_low_app/tim_hal/tim_init.o
                0x000000000800067c                enable_pwm
 .text.i2c_set_sda_direction.part.0
                0x00000000080006dc        0xc low_app_layer/I2C_low_app/i2c_Virtual.o
 .text.i2c_set_outputs
                0x00000000080006e8       0x38 low_app_layer/I2C_low_app/i2c_Virtual.o
                0x00000000080006e8                i2c_set_outputs
 .text.i2c_set_sda_direction
                0x0000000008000720       0x18 low_app_layer/I2C_low_app/i2c_Virtual.o
                0x0000000008000720                i2c_set_sda_direction
 .text.i2c_set_trise
                0x0000000008000738        0x4 low_app_layer/I2C_low_app/i2c_Virtual.o
                0x0000000008000738                i2c_set_trise
 .text.i2c_set_thold
                0x000000000800073c        0x4 low_app_layer/I2C_low_app/i2c_Virtual.o
                0x000000000800073c                i2c_set_thold
 .text.i2c_set_timeout
                0x0000000008000740        0x4 low_app_layer/I2C_low_app/i2c_Virtual.o
                0x0000000008000740                i2c_set_timeout
 .text.wait     0x0000000008000744        0xc low_app_layer/I2C_low_app/i2c_Virtual.o
                0x0000000008000744                wait
 .text.start_bit
                0x0000000008000750       0x44 low_app_layer/I2C_low_app/i2c_Virtual.o
                0x0000000008000750                start_bit
 .text.stop_bit
                0x0000000008000794       0x4c low_app_layer/I2C_low_app/i2c_Virtual.o
                0x0000000008000794                stop_bit
 .text.ack_output
                0x00000000080007e0       0x38 low_app_layer/I2C_low_app/i2c_Virtual.o
                0x00000000080007e0                ack_output
 .text.ack_input
                0x0000000008000818       0x50 low_app_layer/I2C_low_app/i2c_Virtual.o
                0x0000000008000818                ack_input
 .text.receive_byte
                0x0000000008000868       0x64 low_app_layer/I2C_low_app/i2c_Virtual.o
                0x0000000008000868                receive_byte
 .text.send_byte
                0x00000000080008cc       0x50 low_app_layer/I2C_low_app/i2c_Virtual.o
                0x00000000080008cc                send_byte
 .text.i2c_read
                0x000000000800091c       0x7c low_app_layer/I2C_low_app/i2c_Virtual.o
                0x000000000800091c                i2c_read
 .text.i2c_write
                0x0000000008000998       0x5a low_app_layer/I2C_low_app/i2c_Virtual.o
                0x0000000008000998                i2c_write
 .text.read_adc
                0x00000000080009f2        0x4 low_app_layer/adc_low_app/adc_start.o
                0x00000000080009f2                read_adc
 .text.ADC_setup
                0x00000000080009f6        0x4 low_app_layer/adc_low_app/adc_start.o
                0x00000000080009f6                ADC_setup
 .text.adc_status
                0x00000000080009fa       0x10 low_app_layer/adc_low_app/adc_start.o
                0x00000000080009fa                adc_status
 *fill*         0x0000000008000a0a        0x2 
 .text.ADC_init
                0x0000000008000a0c       0x54 low_app_layer/adc_low_app/adc_hal/adc_i2c_init.o
                0x0000000008000a0c                ADC_init
 .text.get_adc_value
                0x0000000008000a60       0x1c low_app_layer/adc_low_app/adc_hal/adc_i2c_init.o
                0x0000000008000a60                get_adc_value
 .text.adc_off  0x0000000008000a7c        0x2 low_app_layer/adc_low_app/adc_hal/adc_i2c_init.o
                0x0000000008000a7c                adc_off
 .text.adc_on   0x0000000008000a7e        0x2 low_app_layer/adc_low_app/adc_hal/adc_i2c_init.o
                0x0000000008000a7e                adc_on
 .text.gpio_set_mode
                0x0000000008000a80       0x5e /home/alan/stm32f103c8t6/libopencm3/lib/libopencm3_stm32f1.a(gpio.o)
                0x0000000008000a80                gpio_set_mode
 *fill*         0x0000000008000ade        0x2 
 .text.gpio_primary_remap
                0x0000000008000ae0       0x14 /home/alan/stm32f103c8t6/libopencm3/lib/libopencm3_stm32f1.a(gpio.o)
                0x0000000008000ae0                gpio_primary_remap
 .text.rcc_osc_on.part.0
                0x0000000008000af4       0x10 /home/alan/stm32f103c8t6/libopencm3/lib/libopencm3_stm32f1.a(rcc.o)
 .text.rcc_is_osc_ready
                0x0000000008000b04       0x5c /home/alan/stm32f103c8t6/libopencm3/lib/libopencm3_stm32f1.a(rcc.o)
                0x0000000008000b04                rcc_is_osc_ready
 .text.rcc_wait_for_osc_ready
                0x0000000008000b60       0x10 /home/alan/stm32f103c8t6/libopencm3/lib/libopencm3_stm32f1.a(rcc.o)
                0x0000000008000b60                rcc_wait_for_osc_ready
 .text.rcc_osc_on
                0x0000000008000b70       0x54 /home/alan/stm32f103c8t6/libopencm3/lib/libopencm3_stm32f1.a(rcc.o)
                0x0000000008000b70                rcc_osc_on
 .text.rcc_set_sysclk_source
                0x0000000008000bc4       0x14 /home/alan/stm32f103c8t6/libopencm3/lib/libopencm3_stm32f1.a(rcc.o)
                0x0000000008000bc4                rcc_set_sysclk_source
 .text.rcc_set_pll_multiplication_factor
                0x0000000008000bd8       0x14 /home/alan/stm32f103c8t6/libopencm3/lib/libopencm3_stm32f1.a(rcc.o)
                0x0000000008000bd8                rcc_set_pll_multiplication_factor
 .text.rcc_set_pll_source
                0x0000000008000bec       0x14 /home/alan/stm32f103c8t6/libopencm3/lib/libopencm3_stm32f1.a(rcc.o)
                0x0000000008000bec                rcc_set_pll_source
 .text.rcc_set_pllxtpre
                0x0000000008000c00       0x14 /home/alan/stm32f103c8t6/libopencm3/lib/libopencm3_stm32f1.a(rcc.o)
                0x0000000008000c00                rcc_set_pllxtpre
 .text.rcc_set_adcpre
                0x0000000008000c14       0x14 /home/alan/stm32f103c8t6/libopencm3/lib/libopencm3_stm32f1.a(rcc.o)
                0x0000000008000c14                rcc_set_adcpre
 .text.rcc_set_ppre2
                0x0000000008000c28       0x14 /home/alan/stm32f103c8t6/libopencm3/lib/libopencm3_stm32f1.a(rcc.o)
                0x0000000008000c28                rcc_set_ppre2
 .text.rcc_set_ppre1
                0x0000000008000c3c       0x14 /home/alan/stm32f103c8t6/libopencm3/lib/libopencm3_stm32f1.a(rcc.o)
                0x0000000008000c3c                rcc_set_ppre1
 .text.rcc_set_hpre
                0x0000000008000c50       0x14 /home/alan/stm32f103c8t6/libopencm3/lib/libopencm3_stm32f1.a(rcc.o)
                0x0000000008000c50                rcc_set_hpre
 .text.rcc_clock_setup_in_hse_8mhz_out_72mhz
                0x0000000008000c64       0x8c /home/alan/stm32f103c8t6/libopencm3/lib/libopencm3_stm32f1.a(rcc.o)
                0x0000000008000c64                rcc_clock_setup_in_hse_8mhz_out_72mhz
 .text.gpio_set
                0x0000000008000cf0        0x4 /home/alan/stm32f103c8t6/libopencm3/lib/libopencm3_stm32f1.a(gpio_common_all.o)
                0x0000000008000cf0                gpio_set
 .text.gpio_clear
                0x0000000008000cf4        0x6 /home/alan/stm32f103c8t6/libopencm3/lib/libopencm3_stm32f1.a(gpio_common_all.o)
                0x0000000008000cf4                gpio_clear
 .text.gpio_toggle
                0x0000000008000cfa       0x12 /home/alan/stm32f103c8t6/libopencm3/lib/libopencm3_stm32f1.a(gpio_common_all.o)
                0x0000000008000cfa                gpio_toggle
 .text.gpio_port_read
                0x0000000008000d0c        0x6 /home/alan/stm32f103c8t6/libopencm3/lib/libopencm3_stm32f1.a(gpio_common_all.o)
                0x0000000008000d0c                gpio_port_read
 .text.timer_enable_irq
                0x0000000008000d12        0x8 /home/alan/stm32f103c8t6/libopencm3/lib/libopencm3_stm32f1.a(timer_common_all.o)
                0x0000000008000d12                timer_enable_irq
 .text.timer_disable_irq
                0x0000000008000d1a        0xa /home/alan/stm32f103c8t6/libopencm3/lib/libopencm3_stm32f1.a(timer_common_all.o)
                0x0000000008000d1a                timer_disable_irq
 .text.timer_clear_flag
                0x0000000008000d24        0x6 /home/alan/stm32f103c8t6/libopencm3/lib/libopencm3_stm32f1.a(timer_common_all.o)
                0x0000000008000d24                timer_clear_flag
 .text.timer_set_mode
                0x0000000008000d2a       0x12 /home/alan/stm32f103c8t6/libopencm3/lib/libopencm3_stm32f1.a(timer_common_all.o)
                0x0000000008000d2a                timer_set_mode
 .text.timer_disable_preload
                0x0000000008000d3c        0xa /home/alan/stm32f103c8t6/libopencm3/lib/libopencm3_stm32f1.a(timer_common_all.o)
                0x0000000008000d3c                timer_disable_preload
 .text.timer_continuous_mode
                0x0000000008000d46        0xa /home/alan/stm32f103c8t6/libopencm3/lib/libopencm3_stm32f1.a(timer_common_all.o)
                0x0000000008000d46                timer_continuous_mode
 .text.timer_enable_counter
                0x0000000008000d50        0xa /home/alan/stm32f103c8t6/libopencm3/lib/libopencm3_stm32f1.a(timer_common_all.o)
                0x0000000008000d50                timer_enable_counter
 .text.timer_disable_counter
                0x0000000008000d5a        0xa /home/alan/stm32f103c8t6/libopencm3/lib/libopencm3_stm32f1.a(timer_common_all.o)
                0x0000000008000d5a                timer_disable_counter
 .text.timer_set_prescaler
                0x0000000008000d64        0x4 /home/alan/stm32f103c8t6/libopencm3/lib/libopencm3_stm32f1.a(timer_common_all.o)
                0x0000000008000d64                timer_set_prescaler
 .text.timer_set_period
                0x0000000008000d68        0x4 /home/alan/stm32f103c8t6/libopencm3/lib/libopencm3_stm32f1.a(timer_common_all.o)
                0x0000000008000d68                timer_set_period
 .text.timer_set_oc_mode
                0x0000000008000d6c      0x18c /home/alan/stm32f103c8t6/libopencm3/lib/libopencm3_stm32f1.a(timer_common_all.o)
                0x0000000008000d6c                timer_set_oc_mode
 .text.timer_enable_oc_output
                0x0000000008000ef8       0x4a /home/alan/stm32f103c8t6/libopencm3/lib/libopencm3_stm32f1.a(timer_common_all.o)
                0x0000000008000ef8                timer_enable_oc_output
 .text.timer_disable_oc_output
                0x0000000008000f42       0x4a /home/alan/stm32f103c8t6/libopencm3/lib/libopencm3_stm32f1.a(timer_common_all.o)
                0x0000000008000f42                timer_disable_oc_output
 .text.timer_set_oc_value
                0x0000000008000f8c       0x20 /home/alan/stm32f103c8t6/libopencm3/lib/libopencm3_stm32f1.a(timer_common_all.o)
                0x0000000008000f8c                timer_set_oc_value
 .text.usart_set_baudrate
                0x0000000008000fac       0x28 /home/alan/stm32f103c8t6/libopencm3/lib/libopencm3_stm32f1.a(usart_common_all.o)
                0x0000000008000fac                usart_set_baudrate
 .text.usart_set_databits
                0x0000000008000fd4       0x12 /home/alan/stm32f103c8t6/libopencm3/lib/libopencm3_stm32f1.a(usart_common_all.o)
                0x0000000008000fd4                usart_set_databits
 .text.usart_set_stopbits
                0x0000000008000fe6        0xc /home/alan/stm32f103c8t6/libopencm3/lib/libopencm3_stm32f1.a(usart_common_all.o)
                0x0000000008000fe6                usart_set_stopbits
 .text.usart_set_parity
                0x0000000008000ff2        0xc /home/alan/stm32f103c8t6/libopencm3/lib/libopencm3_stm32f1.a(usart_common_all.o)
                0x0000000008000ff2                usart_set_parity
 .text.usart_set_mode
                0x0000000008000ffe        0xc /home/alan/stm32f103c8t6/libopencm3/lib/libopencm3_stm32f1.a(usart_common_all.o)
                0x0000000008000ffe                usart_set_mode
 .text.usart_set_flow_control
                0x000000000800100a        0xc /home/alan/stm32f103c8t6/libopencm3/lib/libopencm3_stm32f1.a(usart_common_all.o)
                0x000000000800100a                usart_set_flow_control
 .text.usart_enable
                0x0000000008001016        0xa /home/alan/stm32f103c8t6/libopencm3/lib/libopencm3_stm32f1.a(usart_common_all.o)
                0x0000000008001016                usart_enable
 .text.usart_send_blocking
                0x0000000008001020       0x16 /home/alan/stm32f103c8t6/libopencm3/lib/libopencm3_stm32f1.a(usart_common_all.o)
                0x0000000008001020                usart_send_blocking
 .text.usart_enable_rx_interrupt
                0x0000000008001036        0xa /home/alan/stm32f103c8t6/libopencm3/lib/libopencm3_stm32f1.a(usart_common_all.o)
                0x0000000008001036                usart_enable_rx_interrupt
 .text.usart_send
                0x0000000008001040        0x8 /home/alan/stm32f103c8t6/libopencm3/lib/libopencm3_stm32f1.a(usart_common_f124.o)
                0x0000000008001040                usart_send
 .text.usart_recv
                0x0000000008001048        0x8 /home/alan/stm32f103c8t6/libopencm3/lib/libopencm3_stm32f1.a(usart_common_f124.o)
                0x0000000008001048                usart_recv
 .text.usart_wait_send_ready
                0x0000000008001050        0x8 /home/alan/stm32f103c8t6/libopencm3/lib/libopencm3_stm32f1.a(usart_common_f124.o)
                0x0000000008001050                usart_wait_send_ready
 .text.rcc_periph_clock_enable
                0x0000000008001058       0x1c /home/alan/stm32f103c8t6/libopencm3/lib/libopencm3_stm32f1.a(rcc_common_all.o)
                0x0000000008001058                rcc_periph_clock_enable
 .text.flash_set_ws
                0x0000000008001074       0x14 /home/alan/stm32f103c8t6/libopencm3/lib/libopencm3_stm32f1.a(flash_common_f01.o)
                0x0000000008001074                flash_set_ws
 .text.blocking_handler
                0x0000000008001088        0x2 /home/alan/stm32f103c8t6/libopencm3/lib/libopencm3_stm32f1.a(vector.o)
                0x0000000008001088                usart3_isr
                0x0000000008001088                rtc_isr
                0x0000000008001088                tim7_isr
                0x0000000008001088                adc1_2_isr
                0x0000000008001088                tim1_trg_com_isr
                0x0000000008001088                usb_hp_can_tx_isr
                0x0000000008001088                tim6_isr
                0x0000000008001088                usb_wakeup_isr
                0x0000000008001088                blocking_handler
                0x0000000008001088                tim5_isr
                0x0000000008001088                otg_fs_isr
                0x0000000008001088                spi1_isr
                0x0000000008001088                exti2_isr
                0x0000000008001088                dma1_channel6_isr
                0x0000000008001088                can_rx1_isr
                0x0000000008001088                dma1_channel5_isr
                0x0000000008001088                dma2_channel5_isr
                0x0000000008001088                usage_fault_handler
                0x0000000008001088                tim8_trg_com_isr
                0x0000000008001088                can2_rx0_isr
                0x0000000008001088                tim1_brk_isr
                0x0000000008001088                can2_rx1_isr
                0x0000000008001088                tim1_cc_isr
                0x0000000008001088                sdio_isr
                0x0000000008001088                eth_isr
                0x0000000008001088                dma1_channel4_isr
                0x0000000008001088                tim8_brk_isr
                0x0000000008001088                dma2_channel4_5_isr
                0x0000000008001088                pvd_isr
                0x0000000008001088                rcc_isr
                0x0000000008001088                flash_isr
                0x0000000008001088                uart4_isr
                0x0000000008001088                rtc_alarm_isr
                0x0000000008001088                exti15_10_isr
                0x0000000008001088                hard_fault_handler
                0x0000000008001088                exti1_isr
                0x0000000008001088                i2c1_ev_isr
                0x0000000008001088                dma2_channel1_isr
                0x0000000008001088                spi2_isr
                0x0000000008001088                tim8_up_isr
                0x0000000008001088                dma2_channel2_isr
                0x0000000008001088                exti3_isr
                0x0000000008001088                adc3_isr
                0x0000000008001088                tim3_isr
                0x0000000008001088                usart2_isr
                0x0000000008001088                usb_lp_can_rx0_isr
                0x0000000008001088                i2c2_er_isr
                0x0000000008001088                i2c2_ev_isr
                0x0000000008001088                uart5_isr
                0x0000000008001088                fsmc_isr
                0x0000000008001088                dma1_channel1_isr
                0x0000000008001088                exti4_isr
                0x0000000008001088                mem_manage_handler
                0x0000000008001088                can2_tx_isr
                0x0000000008001088                exti9_5_isr
                0x0000000008001088                dma2_channel3_isr
                0x0000000008001088                dma1_channel7_isr
                0x0000000008001088                tim1_up_isr
                0x0000000008001088                can2_sce_isr
                0x0000000008001088                tim4_isr
                0x0000000008001088                dma1_channel2_isr
                0x0000000008001088                i2c1_er_isr
                0x0000000008001088                can_sce_isr
                0x0000000008001088                tim8_cc_isr
                0x0000000008001088                tamper_isr
                0x0000000008001088                eth_wkup_isr
                0x0000000008001088                bus_fault_handler
                0x0000000008001088                wwdg_isr
                0x0000000008001088                dma1_channel3_isr
                0x0000000008001088                spi3_isr
                0x0000000008001088                exti0_isr
 .text.null_handler
                0x000000000800108a        0x2 /home/alan/stm32f103c8t6/libopencm3/lib/libopencm3_stm32f1.a(vector.o)
                0x000000000800108a                null_handler
                0x000000000800108a                sv_call_handler
                0x000000000800108a                pend_sv_handler
                0x000000000800108a                debug_monitor_handler
                0x000000000800108a                sys_tick_handler
                0x000000000800108a                nmi_handler
 .text.reset_handler
                0x000000000800108c       0x8c /home/alan/stm32f103c8t6/libopencm3/lib/libopencm3_stm32f1.a(vector.o)
                0x000000000800108c                reset_handler
 .text.nvic_enable_irq
                0x0000000008001118       0x1a /home/alan/stm32f103c8t6/libopencm3/lib/libopencm3_stm32f1.a(nvic.o)
                0x0000000008001118                nvic_enable_irq
                0x0000000008001134                . = ALIGN (0x4)
 *fill*         0x0000000008001132        0x2 
 *(.rodata*)
 .rodata.adc_status_changed.str1.1
                0x0000000008001134       0x36 main.o
 .rodata.uart_status_changed.str1.1
                0x000000000800116a        0xa main.o
                0x0000000008001174                . = ALIGN (0x4)

.glue_7         0x0000000008001174        0x0
 .glue_7        0x0000000008001174        0x0 linker stubs

.glue_7t        0x0000000008001174        0x0
 .glue_7t       0x0000000008001174        0x0 linker stubs

.vfp11_veneer   0x0000000008001174        0x0
 .vfp11_veneer  0x0000000008001174        0x0 linker stubs

.v4_bx          0x0000000008001174        0x0
 .v4_bx         0x0000000008001174        0x0 linker stubs

.iplt           0x0000000008001174        0x0
 .iplt          0x0000000008001174        0x0 main.o

.rel.dyn        0x0000000008001174        0x0
 .rel.iplt      0x0000000008001174        0x0 main.o

.preinit_array  0x0000000008001174        0x0
                0x0000000008001174                . = ALIGN (0x4)
                0x0000000008001174                __preinit_array_start = .
 *(.preinit_array)
                0x0000000008001174                __preinit_array_end = .

.init_array     0x0000000008001174        0x0
                0x0000000008001174                . = ALIGN (0x4)
                0x0000000008001174                __init_array_start = .
 *(SORT_BY_NAME(.init_array.*))
 *(.init_array)
                0x0000000008001174                __init_array_end = .

.fini_array     0x0000000008001174        0x0
                0x0000000008001174                . = ALIGN (0x4)
                0x0000000008001174                __fini_array_start = .
 *(.fini_array)
 *(SORT_BY_NAME(.fini_array.*))
                0x0000000008001174                __fini_array_end = .

.ARM.extab
 *(.ARM.extab*)

.ARM.exidx      0x0000000008001174        0x0
                0x0000000008001174                __exidx_start = .
 *(.ARM.exidx*)
                0x0000000008001174                __exidx_end = .
                0x0000000008001174                . = ALIGN (0x4)
                0x0000000008001174                _etext = .

.data           0x0000000020000000       0x2c load address 0x0000000008001174
                0x0000000020000000                _data = .
 *(.data*)
 .data.maxTemp  0x0000000020000000        0x2 main.o
                0x0000000020000000                maxTemp
 .data.maxTempChar
                0x0000000020000002        0x4 main.o
                0x0000000020000002                maxTempChar
 .data.minTemp  0x0000000020000006        0x2 main.o
                0x0000000020000006                minTemp
 .data.minTempChar
                0x0000000020000008        0x4 main.o
                0x0000000020000008                minTempChar
 .data.recv_word
                0x000000002000000c        0x7 main.o
                0x000000002000000c                recv_word
 .data.status_message
                0x0000000020000013        0xd main.o
                0x0000000020000013                status_message
 .data.rcc_ahb_frequency
                0x0000000020000020        0x4 /home/alan/stm32f103c8t6/libopencm3/lib/libopencm3_stm32f1.a(rcc.o)
                0x0000000020000020                rcc_ahb_frequency
 .data.rcc_apb1_frequency
                0x0000000020000024        0x4 /home/alan/stm32f103c8t6/libopencm3/lib/libopencm3_stm32f1.a(rcc.o)
                0x0000000020000024                rcc_apb1_frequency
 .data.rcc_apb2_frequency
                0x0000000020000028        0x4 /home/alan/stm32f103c8t6/libopencm3/lib/libopencm3_stm32f1.a(rcc.o)
                0x0000000020000028                rcc_apb2_frequency
                0x000000002000002c                . = ALIGN (0x4)
                0x000000002000002c                _edata = .
                0x0000000008001174                _data_loadaddr = LOADADDR (.data)

.igot.plt       0x000000002000002c        0x0 load address 0x00000000080011a0
 .igot.plt      0x000000002000002c        0x0 main.o

.bss            0x000000002000002c       0x1c load address 0x00000000080011a0
 *(.bss*)
 .bss.duty_cycle
                0x000000002000002c        0x2 main.o
                0x000000002000002c                duty_cycle
 .bss.j         0x000000002000002e        0x1 main.o
                0x000000002000002e                j
 .bss.k         0x000000002000002f        0x1 main.o
                0x000000002000002f                k
 .bss.temp_handler
                0x0000000020000030        0x1 main.o
                0x0000000020000030                temp_handler
 .bss.uart1_handler
                0x0000000020000031        0x1 main.o
                0x0000000020000031                uart1_handler
 *fill*         0x0000000020000032        0x2 
 .bss.i2c       0x0000000020000034       0x14 low_app_layer/adc_low_app/adc_hal/adc_i2c_init.o
 *(COMMON)
                0x0000000020000048                . = ALIGN (0x4)
                0x0000000020000048                _ebss = .

/DISCARD/
 *(.eh_frame)
                0x0000000020000048                . = ALIGN (0x4)
                0x0000000020000048                end = .
                0x0000000020005000                PROVIDE (_stack = (ORIGIN (ram) + LENGTH (ram)))
OUTPUT(main.elf elf32-littlearm)

.debug_info     0x0000000000000000     0x6f60
 .debug_info    0x0000000000000000      0x68a main.o
 .debug_info    0x000000000000068a      0x414 low_app_layer/gpio_low_app/gpio_start.o
 .debug_info    0x0000000000000a9e      0x376 low_app_layer/gpio_low_app/gpio_hal/gpio_init.o
 .debug_info    0x0000000000000e14      0x3a2 low_app_layer/uart_low_app/uart_start.o
 .debug_info    0x00000000000011b6      0x2c2 low_app_layer/uart_low_app/uart_hal/uart_init.o
 .debug_info    0x0000000000001478      0x476 low_app_layer/tim_low_app/tim_start.o
 .debug_info    0x00000000000018ee      0x682 low_app_layer/tim_low_app/tim_hal/tim_init.o
 .debug_info    0x0000000000001f70      0xb90 low_app_layer/I2C_low_app/i2c_Virtual.o
 .debug_info    0x0000000000002b00      0x173 low_app_layer/adc_low_app/adc_start.o
 .debug_info    0x0000000000002c73      0x474 low_app_layer/adc_low_app/adc_hal/adc_i2c_init.o
 .debug_info    0x00000000000030e7      0x20a /home/alan/stm32f103c8t6/libopencm3/lib/libopencm3_stm32f1.a(gpio.o)
 .debug_info    0x00000000000032f1     0x128f /home/alan/stm32f103c8t6/libopencm3/lib/libopencm3_stm32f1.a(rcc.o)
 .debug_info    0x0000000000004580      0x266 /home/alan/stm32f103c8t6/libopencm3/lib/libopencm3_stm32f1.a(gpio_common_all.o)
 .debug_info    0x00000000000047e6     0x12cc /home/alan/stm32f103c8t6/libopencm3/lib/libopencm3_stm32f1.a(timer_common_all.o)
 .debug_info    0x0000000000005ab2      0x519 /home/alan/stm32f103c8t6/libopencm3/lib/libopencm3_stm32f1.a(usart_common_all.o)
 .debug_info    0x0000000000005fcb      0x1c5 /home/alan/stm32f103c8t6/libopencm3/lib/libopencm3_stm32f1.a(usart_common_f124.o)
 .debug_info    0x0000000000006190      0x603 /home/alan/stm32f103c8t6/libopencm3/lib/libopencm3_stm32f1.a(rcc_common_all.o)
 .debug_info    0x0000000000006793      0x29f /home/alan/stm32f103c8t6/libopencm3/lib/libopencm3_stm32f1.a(flash_common_f01.o)
 .debug_info    0x0000000000006a32      0x2dd /home/alan/stm32f103c8t6/libopencm3/lib/libopencm3_stm32f1.a(vector.o)
 .debug_info    0x0000000000006d0f      0x251 /home/alan/stm32f103c8t6/libopencm3/lib/libopencm3_stm32f1.a(nvic.o)

.debug_abbrev   0x0000000000000000     0x18b0
 .debug_abbrev  0x0000000000000000      0x1ff main.o
 .debug_abbrev  0x00000000000001ff       0xc0 low_app_layer/gpio_low_app/gpio_start.o
 .debug_abbrev  0x00000000000002bf       0xdd low_app_layer/gpio_low_app/gpio_hal/gpio_init.o
 .debug_abbrev  0x000000000000039c      0x10b low_app_layer/uart_low_app/uart_start.o
 .debug_abbrev  0x00000000000004a7       0xe4 low_app_layer/uart_low_app/uart_hal/uart_init.o
 .debug_abbrev  0x000000000000058b      0x10e low_app_layer/tim_low_app/tim_start.o
 .debug_abbrev  0x0000000000000699      0x104 low_app_layer/tim_low_app/tim_hal/tim_init.o
 .debug_abbrev  0x000000000000079d      0x24d low_app_layer/I2C_low_app/i2c_Virtual.o
 .debug_abbrev  0x00000000000009ea       0xbb low_app_layer/adc_low_app/adc_start.o
 .debug_abbrev  0x0000000000000aa5      0x15f low_app_layer/adc_low_app/adc_hal/adc_i2c_init.o
 .debug_abbrev  0x0000000000000c04       0xd0 /home/alan/stm32f103c8t6/libopencm3/lib/libopencm3_stm32f1.a(gpio.o)
 .debug_abbrev  0x0000000000000cd4      0x2e1 /home/alan/stm32f103c8t6/libopencm3/lib/libopencm3_stm32f1.a(rcc.o)
 .debug_abbrev  0x0000000000000fb5      0x116 /home/alan/stm32f103c8t6/libopencm3/lib/libopencm3_stm32f1.a(gpio_common_all.o)
 .debug_abbrev  0x00000000000010cb      0x1c1 /home/alan/stm32f103c8t6/libopencm3/lib/libopencm3_stm32f1.a(timer_common_all.o)
 .debug_abbrev  0x000000000000128c      0x129 /home/alan/stm32f103c8t6/libopencm3/lib/libopencm3_stm32f1.a(usart_common_all.o)
 .debug_abbrev  0x00000000000013b5       0xc8 /home/alan/stm32f103c8t6/libopencm3/lib/libopencm3_stm32f1.a(usart_common_f124.o)
 .debug_abbrev  0x000000000000147d      0x15d /home/alan/stm32f103c8t6/libopencm3/lib/libopencm3_stm32f1.a(rcc_common_all.o)
 .debug_abbrev  0x00000000000015da       0xdc /home/alan/stm32f103c8t6/libopencm3/lib/libopencm3_stm32f1.a(flash_common_f01.o)
 .debug_abbrev  0x00000000000016b6      0x145 /home/alan/stm32f103c8t6/libopencm3/lib/libopencm3_stm32f1.a(vector.o)
 .debug_abbrev  0x00000000000017fb       0xb5 /home/alan/stm32f103c8t6/libopencm3/lib/libopencm3_stm32f1.a(nvic.o)

.debug_loc      0x0000000000000000     0x1e5c
 .debug_loc     0x0000000000000000      0x321 main.o
 .debug_loc     0x0000000000000321      0x26e low_app_layer/gpio_low_app/gpio_hal/gpio_init.o
 .debug_loc     0x000000000000058f       0x25 low_app_layer/uart_low_app/uart_start.o
 .debug_loc     0x00000000000005b4       0xed low_app_layer/uart_low_app/uart_hal/uart_init.o
 .debug_loc     0x00000000000006a1       0x74 low_app_layer/tim_low_app/tim_start.o
 .debug_loc     0x0000000000000715      0x1c2 low_app_layer/tim_low_app/tim_hal/tim_init.o
 .debug_loc     0x00000000000008d7      0x575 low_app_layer/I2C_low_app/i2c_Virtual.o
 .debug_loc     0x0000000000000e4c       0x4f low_app_layer/adc_low_app/adc_start.o
 .debug_loc     0x0000000000000e9b      0x134 /home/alan/stm32f103c8t6/libopencm3/lib/libopencm3_stm32f1.a(gpio.o)
 .debug_loc     0x0000000000000fcf      0x39c /home/alan/stm32f103c8t6/libopencm3/lib/libopencm3_stm32f1.a(rcc.o)
 .debug_loc     0x000000000000136b       0xbe /home/alan/stm32f103c8t6/libopencm3/lib/libopencm3_stm32f1.a(gpio_common_all.o)
 .debug_loc     0x0000000000001429      0x47a /home/alan/stm32f103c8t6/libopencm3/lib/libopencm3_stm32f1.a(timer_common_all.o)
 .debug_loc     0x00000000000018a3      0x172 /home/alan/stm32f103c8t6/libopencm3/lib/libopencm3_stm32f1.a(usart_common_all.o)
 .debug_loc     0x0000000000001a15       0x99 /home/alan/stm32f103c8t6/libopencm3/lib/libopencm3_stm32f1.a(usart_common_f124.o)
 .debug_loc     0x0000000000001aae       0x6f /home/alan/stm32f103c8t6/libopencm3/lib/libopencm3_stm32f1.a(rcc_common_all.o)
 .debug_loc     0x0000000000001b1d       0xca /home/alan/stm32f103c8t6/libopencm3/lib/libopencm3_stm32f1.a(flash_common_f01.o)
 .debug_loc     0x0000000000001be7      0x128 /home/alan/stm32f103c8t6/libopencm3/lib/libopencm3_stm32f1.a(vector.o)
 .debug_loc     0x0000000000001d0f      0x14d /home/alan/stm32f103c8t6/libopencm3/lib/libopencm3_stm32f1.a(nvic.o)

.debug_aranges  0x0000000000000000      0x950
 .debug_aranges
                0x0000000000000000       0x58 main.o
 .debug_aranges
                0x0000000000000058       0x38 low_app_layer/gpio_low_app/gpio_start.o
 .debug_aranges
                0x0000000000000090       0x40 low_app_layer/gpio_low_app/gpio_hal/gpio_init.o
 .debug_aranges
                0x00000000000000d0       0x38 low_app_layer/uart_low_app/uart_start.o
 .debug_aranges
                0x0000000000000108       0x30 low_app_layer/uart_low_app/uart_hal/uart_init.o
 .debug_aranges
                0x0000000000000138       0x40 low_app_layer/tim_low_app/tim_start.o
 .debug_aranges
                0x0000000000000178       0x30 low_app_layer/tim_low_app/tim_hal/tim_init.o
 .debug_aranges
                0x00000000000001a8       0x90 low_app_layer/I2C_low_app/i2c_Virtual.o
 .debug_aranges
                0x0000000000000238       0x30 low_app_layer/adc_low_app/adc_start.o
 .debug_aranges
                0x0000000000000268       0x30 low_app_layer/adc_low_app/adc_hal/adc_i2c_init.o
 .debug_aranges
                0x0000000000000298       0x38 /home/alan/stm32f103c8t6/libopencm3/lib/libopencm3_stm32f1.a(gpio.o)
 .debug_aranges
                0x00000000000002d0      0x158 /home/alan/stm32f103c8t6/libopencm3/lib/libopencm3_stm32f1.a(rcc.o)
 .debug_aranges
                0x0000000000000428       0x50 /home/alan/stm32f103c8t6/libopencm3/lib/libopencm3_stm32f1.a(gpio_common_all.o)
 .debug_aranges
                0x0000000000000478      0x270 /home/alan/stm32f103c8t6/libopencm3/lib/libopencm3_stm32f1.a(timer_common_all.o)
 .debug_aranges
                0x00000000000006e8       0xb8 /home/alan/stm32f103c8t6/libopencm3/lib/libopencm3_stm32f1.a(usart_common_all.o)
 .debug_aranges
                0x00000000000007a0       0x40 /home/alan/stm32f103c8t6/libopencm3/lib/libopencm3_stm32f1.a(usart_common_f124.o)
 .debug_aranges
                0x00000000000007e0       0x58 /home/alan/stm32f103c8t6/libopencm3/lib/libopencm3_stm32f1.a(rcc_common_all.o)
 .debug_aranges
                0x0000000000000838       0x88 /home/alan/stm32f103c8t6/libopencm3/lib/libopencm3_stm32f1.a(flash_common_f01.o)
 .debug_aranges
                0x00000000000008c0       0x30 /home/alan/stm32f103c8t6/libopencm3/lib/libopencm3_stm32f1.a(vector.o)
 .debug_aranges
                0x00000000000008f0       0x60 /home/alan/stm32f103c8t6/libopencm3/lib/libopencm3_stm32f1.a(nvic.o)

.debug_ranges   0x0000000000000000      0x898
 .debug_ranges  0x0000000000000000       0x48 main.o
 .debug_ranges  0x0000000000000048       0x28 low_app_layer/gpio_low_app/gpio_start.o
 .debug_ranges  0x0000000000000070       0x30 low_app_layer/gpio_low_app/gpio_hal/gpio_init.o
 .debug_ranges  0x00000000000000a0       0x28 low_app_layer/uart_low_app/uart_start.o
 .debug_ranges  0x00000000000000c8       0x20 low_app_layer/uart_low_app/uart_hal/uart_init.o
 .debug_ranges  0x00000000000000e8       0x30 low_app_layer/tim_low_app/tim_start.o
 .debug_ranges  0x0000000000000118       0x20 low_app_layer/tim_low_app/tim_hal/tim_init.o
 .debug_ranges  0x0000000000000138       0x98 low_app_layer/I2C_low_app/i2c_Virtual.o
 .debug_ranges  0x00000000000001d0       0x20 low_app_layer/adc_low_app/adc_start.o
 .debug_ranges  0x00000000000001f0       0x20 low_app_layer/adc_low_app/adc_hal/adc_i2c_init.o
 .debug_ranges  0x0000000000000210       0x28 /home/alan/stm32f103c8t6/libopencm3/lib/libopencm3_stm32f1.a(gpio.o)
 .debug_ranges  0x0000000000000238      0x1b8 /home/alan/stm32f103c8t6/libopencm3/lib/libopencm3_stm32f1.a(rcc.o)
 .debug_ranges  0x00000000000003f0       0x40 /home/alan/stm32f103c8t6/libopencm3/lib/libopencm3_stm32f1.a(gpio_common_all.o)
 .debug_ranges  0x0000000000000430      0x260 /home/alan/stm32f103c8t6/libopencm3/lib/libopencm3_stm32f1.a(timer_common_all.o)
 .debug_ranges  0x0000000000000690       0xa8 /home/alan/stm32f103c8t6/libopencm3/lib/libopencm3_stm32f1.a(usart_common_all.o)
 .debug_ranges  0x0000000000000738       0x30 /home/alan/stm32f103c8t6/libopencm3/lib/libopencm3_stm32f1.a(usart_common_f124.o)
 .debug_ranges  0x0000000000000768       0x48 /home/alan/stm32f103c8t6/libopencm3/lib/libopencm3_stm32f1.a(rcc_common_all.o)
 .debug_ranges  0x00000000000007b0       0x78 /home/alan/stm32f103c8t6/libopencm3/lib/libopencm3_stm32f1.a(flash_common_f01.o)
 .debug_ranges  0x0000000000000828       0x20 /home/alan/stm32f103c8t6/libopencm3/lib/libopencm3_stm32f1.a(vector.o)
 .debug_ranges  0x0000000000000848       0x50 /home/alan/stm32f103c8t6/libopencm3/lib/libopencm3_stm32f1.a(nvic.o)

.debug_line     0x0000000000000000     0x567d
 .debug_line    0x0000000000000000      0x62d main.o
 .debug_line    0x000000000000062d      0x1c7 low_app_layer/gpio_low_app/gpio_start.o
 .debug_line    0x00000000000007f4      0x21e low_app_layer/gpio_low_app/gpio_hal/gpio_init.o
 .debug_line    0x0000000000000a12      0x21b low_app_layer/uart_low_app/uart_start.o
 .debug_line    0x0000000000000c2d      0x228 low_app_layer/uart_low_app/uart_hal/uart_init.o
 .debug_line    0x0000000000000e55      0x250 low_app_layer/tim_low_app/tim_start.o
 .debug_line    0x00000000000010a5      0x24c low_app_layer/tim_low_app/tim_hal/tim_init.o
 .debug_line    0x00000000000012f1      0x4ec low_app_layer/I2C_low_app/i2c_Virtual.o
 .debug_line    0x00000000000017dd      0x189 low_app_layer/adc_low_app/adc_start.o
 .debug_line    0x0000000000001966      0x207 low_app_layer/adc_low_app/adc_hal/adc_i2c_init.o
 .debug_line    0x0000000000001b6d      0x33e /home/alan/stm32f103c8t6/libopencm3/lib/libopencm3_stm32f1.a(gpio.o)
 .debug_line    0x0000000000001eab      0xc5f /home/alan/stm32f103c8t6/libopencm3/lib/libopencm3_stm32f1.a(rcc.o)
 .debug_line    0x0000000000002b0a      0x354 /home/alan/stm32f103c8t6/libopencm3/lib/libopencm3_stm32f1.a(gpio_common_all.o)
 .debug_line    0x0000000000002e5e     0x1050 /home/alan/stm32f103c8t6/libopencm3/lib/libopencm3_stm32f1.a(timer_common_all.o)
 .debug_line    0x0000000000003eae      0x55a /home/alan/stm32f103c8t6/libopencm3/lib/libopencm3_stm32f1.a(usart_common_all.o)
 .debug_line    0x0000000000004408      0x349 /home/alan/stm32f103c8t6/libopencm3/lib/libopencm3_stm32f1.a(usart_common_f124.o)
 .debug_line    0x0000000000004751      0x37d /home/alan/stm32f103c8t6/libopencm3/lib/libopencm3_stm32f1.a(rcc_common_all.o)
 .debug_line    0x0000000000004ace      0x46f /home/alan/stm32f103c8t6/libopencm3/lib/libopencm3_stm32f1.a(flash_common_f01.o)
 .debug_line    0x0000000000004f3d      0x3d6 /home/alan/stm32f103c8t6/libopencm3/lib/libopencm3_stm32f1.a(vector.o)
 .debug_line    0x0000000000005313      0x36a /home/alan/stm32f103c8t6/libopencm3/lib/libopencm3_stm32f1.a(nvic.o)

.debug_str      0x0000000000000000    0x14e04
 .debug_str     0x0000000000000000      0x316 main.o
                                        0x3d3 (size before relaxing)
 .debug_str     0x0000000000000316      0x2bb low_app_layer/gpio_low_app/gpio_start.o
                                        0x4c1 (size before relaxing)
 .debug_str     0x00000000000005d1       0x82 low_app_layer/gpio_low_app/gpio_hal/gpio_init.o
                                        0x2b7 (size before relaxing)
 .debug_str     0x0000000000000653       0x78 low_app_layer/uart_low_app/uart_start.o
                                        0x4ba (size before relaxing)
 .debug_str     0x00000000000006cb       0xf4 low_app_layer/uart_low_app/uart_hal/uart_init.o
                                        0x305 (size before relaxing)
 .debug_str     0x00000000000007bf       0xd7 low_app_layer/tim_low_app/tim_start.o
                                        0x513 (size before relaxing)
 .debug_str     0x0000000000000896      0x1b6 low_app_layer/tim_low_app/tim_hal/tim_init.o
                                        0x650 (size before relaxing)
 .debug_str     0x0000000000000a4c      0x136 low_app_layer/I2C_low_app/i2c_Virtual.o
                                        0x374 (size before relaxing)
 .debug_str     0x0000000000000b82       0x4c low_app_layer/adc_low_app/adc_start.o
                                        0x23d (size before relaxing)
 .debug_str     0x0000000000000bce       0x31 low_app_layer/adc_low_app/adc_hal/adc_i2c_init.o
                                        0x4f0 (size before relaxing)
 .debug_str     0x0000000000000bff     0x8357 /home/alan/stm32f103c8t6/libopencm3/lib/libopencm3_stm32f1.a(gpio.o)
                                       0x8512 (size before relaxing)
 .debug_str     0x0000000000008f56     0x304f /home/alan/stm32f103c8t6/libopencm3/lib/libopencm3_stm32f1.a(rcc.o)
                                       0x7db0 (size before relaxing)
 .debug_str     0x000000000000bfa5       0x4b /home/alan/stm32f103c8t6/libopencm3/lib/libopencm3_stm32f1.a(gpio_common_all.o)
                                       0x8506 (size before relaxing)
 .debug_str     0x000000000000bff0     0x4b65 /home/alan/stm32f103c8t6/libopencm3/lib/libopencm3_stm32f1.a(timer_common_all.o)
                                       0xbeeb (size before relaxing)
 .debug_str     0x0000000000010b55     0x10cd /home/alan/stm32f103c8t6/libopencm3/lib/libopencm3_stm32f1.a(usart_common_all.o)
                                       0x82f2 (size before relaxing)
 .debug_str     0x0000000000011c22       0x2d /home/alan/stm32f103c8t6/libopencm3/lib/libopencm3_stm32f1.a(usart_common_f124.o)
                                       0x812c (size before relaxing)
 .debug_str     0x0000000000011c4f      0x168 /home/alan/stm32f103c8t6/libopencm3/lib/libopencm3_stm32f1.a(rcc_common_all.o)
                                       0x7733 (size before relaxing)
 .debug_str     0x0000000000011db7      0x181 /home/alan/stm32f103c8t6/libopencm3/lib/libopencm3_stm32f1.a(flash_common_f01.o)
                                       0x55b9 (size before relaxing)
 .debug_str     0x0000000000011f38     0x24ec /home/alan/stm32f103c8t6/libopencm3/lib/libopencm3_stm32f1.a(vector.o)
                                       0x665a (size before relaxing)
 .debug_str     0x0000000000014424      0x9e0 /home/alan/stm32f103c8t6/libopencm3/lib/libopencm3_stm32f1.a(nvic.o)
                                       0x536f (size before relaxing)

.comment        0x0000000000000000       0x79
 .comment       0x0000000000000000       0x79 main.o
                                         0x7a (size before relaxing)
 .comment       0x0000000000000079       0x7a low_app_layer/gpio_low_app/gpio_start.o
 .comment       0x0000000000000079       0x7a low_app_layer/gpio_low_app/gpio_hal/gpio_init.o
 .comment       0x0000000000000079       0x7a low_app_layer/uart_low_app/uart_start.o
 .comment       0x0000000000000079       0x7a low_app_layer/uart_low_app/uart_hal/uart_init.o
 .comment       0x0000000000000079       0x7a low_app_layer/tim_low_app/tim_start.o
 .comment       0x0000000000000079       0x7a low_app_layer/tim_low_app/tim_hal/tim_init.o
 .comment       0x0000000000000079       0x7a low_app_layer/I2C_low_app/i2c_Virtual.o
 .comment       0x0000000000000079       0x7a low_app_layer/adc_low_app/adc_start.o
 .comment       0x0000000000000079       0x7a low_app_layer/adc_low_app/adc_hal/adc_i2c_init.o
 .comment       0x0000000000000079       0x7a /home/alan/stm32f103c8t6/libopencm3/lib/libopencm3_stm32f1.a(gpio.o)
 .comment       0x0000000000000079       0x7a /home/alan/stm32f103c8t6/libopencm3/lib/libopencm3_stm32f1.a(rcc.o)
 .comment       0x0000000000000079       0x7a /home/alan/stm32f103c8t6/libopencm3/lib/libopencm3_stm32f1.a(gpio_common_all.o)
 .comment       0x0000000000000079       0x7a /home/alan/stm32f103c8t6/libopencm3/lib/libopencm3_stm32f1.a(timer_common_all.o)
 .comment       0x0000000000000079       0x7a /home/alan/stm32f103c8t6/libopencm3/lib/libopencm3_stm32f1.a(usart_common_all.o)
 .comment       0x0000000000000079       0x7a /home/alan/stm32f103c8t6/libopencm3/lib/libopencm3_stm32f1.a(usart_common_f124.o)
 .comment       0x0000000000000079       0x7a /home/alan/stm32f103c8t6/libopencm3/lib/libopencm3_stm32f1.a(rcc_common_all.o)
 .comment       0x0000000000000079       0x7a /home/alan/stm32f103c8t6/libopencm3/lib/libopencm3_stm32f1.a(flash_common_f01.o)
 .comment       0x0000000000000079       0x7a /home/alan/stm32f103c8t6/libopencm3/lib/libopencm3_stm32f1.a(vector.o)
 .comment       0x0000000000000079       0x7a /home/alan/stm32f103c8t6/libopencm3/lib/libopencm3_stm32f1.a(nvic.o)

.ARM.attributes
                0x0000000000000000       0x2d
 .ARM.attributes
                0x0000000000000000       0x2d main.o
 .ARM.attributes
                0x000000000000002d       0x2d low_app_layer/gpio_low_app/gpio_start.o
 .ARM.attributes
                0x000000000000005a       0x2d low_app_layer/gpio_low_app/gpio_hal/gpio_init.o
 .ARM.attributes
                0x0000000000000087       0x2d low_app_layer/uart_low_app/uart_start.o
 .ARM.attributes
                0x00000000000000b4       0x2d low_app_layer/uart_low_app/uart_hal/uart_init.o
 .ARM.attributes
                0x00000000000000e1       0x2d low_app_layer/tim_low_app/tim_start.o
 .ARM.attributes
                0x000000000000010e       0x2d low_app_layer/tim_low_app/tim_hal/tim_init.o
 .ARM.attributes
                0x000000000000013b       0x2d low_app_layer/I2C_low_app/i2c_Virtual.o
 .ARM.attributes
                0x0000000000000168       0x2d low_app_layer/adc_low_app/adc_start.o
 .ARM.attributes
                0x0000000000000195       0x2d low_app_layer/adc_low_app/adc_hal/adc_i2c_init.o
 .ARM.attributes
                0x00000000000001c2       0x2d /home/alan/stm32f103c8t6/libopencm3/lib/libopencm3_stm32f1.a(gpio.o)
 .ARM.attributes
                0x00000000000001ef       0x2d /home/alan/stm32f103c8t6/libopencm3/lib/libopencm3_stm32f1.a(rcc.o)
 .ARM.attributes
                0x000000000000021c       0x2d /home/alan/stm32f103c8t6/libopencm3/lib/libopencm3_stm32f1.a(gpio_common_all.o)
 .ARM.attributes
                0x0000000000000249       0x2d /home/alan/stm32f103c8t6/libopencm3/lib/libopencm3_stm32f1.a(timer_common_all.o)
 .ARM.attributes
                0x0000000000000276       0x2d /home/alan/stm32f103c8t6/libopencm3/lib/libopencm3_stm32f1.a(usart_common_all.o)
 .ARM.attributes
                0x00000000000002a3       0x2d /home/alan/stm32f103c8t6/libopencm3/lib/libopencm3_stm32f1.a(usart_common_f124.o)
 .ARM.attributes
                0x00000000000002d0       0x2d /home/alan/stm32f103c8t6/libopencm3/lib/libopencm3_stm32f1.a(rcc_common_all.o)
 .ARM.attributes
                0x00000000000002fd       0x2d /home/alan/stm32f103c8t6/libopencm3/lib/libopencm3_stm32f1.a(flash_common_f01.o)
 .ARM.attributes
                0x000000000000032a       0x2d /home/alan/stm32f103c8t6/libopencm3/lib/libopencm3_stm32f1.a(vector.o)
 .ARM.attributes
                0x0000000000000357       0x2d /home/alan/stm32f103c8t6/libopencm3/lib/libopencm3_stm32f1.a(nvic.o)

.debug_frame    0x0000000000000000     0x1334
 .debug_frame   0x0000000000000000       0xd0 main.o
 .debug_frame   0x00000000000000d0       0x80 low_app_layer/gpio_low_app/gpio_start.o
 .debug_frame   0x0000000000000150       0x9c low_app_layer/gpio_low_app/gpio_hal/gpio_init.o
 .debug_frame   0x00000000000001ec       0x68 low_app_layer/uart_low_app/uart_start.o
 .debug_frame   0x0000000000000254       0x60 low_app_layer/uart_low_app/uart_hal/uart_init.o
 .debug_frame   0x00000000000002b4       0x84 low_app_layer/tim_low_app/tim_start.o
 .debug_frame   0x0000000000000338       0x74 low_app_layer/tim_low_app/tim_hal/tim_init.o
 .debug_frame   0x00000000000003ac      0x1ac low_app_layer/I2C_low_app/i2c_Virtual.o
 .debug_frame   0x0000000000000558       0x40 low_app_layer/adc_low_app/adc_start.o
 .debug_frame   0x0000000000000598       0x64 low_app_layer/adc_low_app/adc_hal/adc_i2c_init.o
 .debug_frame   0x00000000000005fc       0x60 /home/alan/stm32f103c8t6/libopencm3/lib/libopencm3_stm32f1.a(gpio.o)
 .debug_frame   0x000000000000065c      0x2e0 /home/alan/stm32f103c8t6/libopencm3/lib/libopencm3_stm32f1.a(rcc.o)
 .debug_frame   0x000000000000093c       0x80 /home/alan/stm32f103c8t6/libopencm3/lib/libopencm3_stm32f1.a(gpio_common_all.o)
 .debug_frame   0x00000000000009bc      0x4d8 /home/alan/stm32f103c8t6/libopencm3/lib/libopencm3_stm32f1.a(timer_common_all.o)
 .debug_frame   0x0000000000000e94      0x170 /home/alan/stm32f103c8t6/libopencm3/lib/libopencm3_stm32f1.a(usart_common_all.o)
 .debug_frame   0x0000000000001004       0x60 /home/alan/stm32f103c8t6/libopencm3/lib/libopencm3_stm32f1.a(usart_common_f124.o)
 .debug_frame   0x0000000000001064       0xd0 /home/alan/stm32f103c8t6/libopencm3/lib/libopencm3_stm32f1.a(rcc_common_all.o)
 .debug_frame   0x0000000000001134      0x120 /home/alan/stm32f103c8t6/libopencm3/lib/libopencm3_stm32f1.a(flash_common_f01.o)
 .debug_frame   0x0000000000001254       0x40 /home/alan/stm32f103c8t6/libopencm3/lib/libopencm3_stm32f1.a(vector.o)
 .debug_frame   0x0000000000001294       0xa0 /home/alan/stm32f103c8t6/libopencm3/lib/libopencm3_stm32f1.a(nvic.o)

.debug_macro    0x0000000000000000     0x4c35
 .debug_macro   0x0000000000000000       0xb9 /home/alan/stm32f103c8t6/libopencm3/lib/libopencm3_stm32f1.a(gpio.o)
 .debug_macro   0x00000000000000b9      0xa90 /home/alan/stm32f103c8t6/libopencm3/lib/libopencm3_stm32f1.a(gpio.o)
 .debug_macro   0x0000000000000b49       0x22 /home/alan/stm32f103c8t6/libopencm3/lib/libopencm3_stm32f1.a(gpio.o)
 .debug_macro   0x0000000000000b6b       0x56 /home/alan/stm32f103c8t6/libopencm3/lib/libopencm3_stm32f1.a(gpio.o)
 .debug_macro   0x0000000000000bc1       0x51 /home/alan/stm32f103c8t6/libopencm3/lib/libopencm3_stm32f1.a(gpio.o)
 .debug_macro   0x0000000000000c12       0xef /home/alan/stm32f103c8t6/libopencm3/lib/libopencm3_stm32f1.a(gpio.o)
 .debug_macro   0x0000000000000d01       0x6a /home/alan/stm32f103c8t6/libopencm3/lib/libopencm3_stm32f1.a(gpio.o)
 .debug_macro   0x0000000000000d6b      0x1df /home/alan/stm32f103c8t6/libopencm3/lib/libopencm3_stm32f1.a(gpio.o)
 .debug_macro   0x0000000000000f4a       0x22 /home/alan/stm32f103c8t6/libopencm3/lib/libopencm3_stm32f1.a(gpio.o)
 .debug_macro   0x0000000000000f6c       0xfa /home/alan/stm32f103c8t6/libopencm3/lib/libopencm3_stm32f1.a(gpio.o)
 .debug_macro   0x0000000000001066       0x58 /home/alan/stm32f103c8t6/libopencm3/lib/libopencm3_stm32f1.a(gpio.o)
 .debug_macro   0x00000000000010be      0x1b4 /home/alan/stm32f103c8t6/libopencm3/lib/libopencm3_stm32f1.a(gpio.o)
 .debug_macro   0x0000000000001272       0x76 /home/alan/stm32f103c8t6/libopencm3/lib/libopencm3_stm32f1.a(gpio.o)
 .debug_macro   0x00000000000012e8      0xdfd /home/alan/stm32f103c8t6/libopencm3/lib/libopencm3_stm32f1.a(gpio.o)
 .debug_macro   0x00000000000020e5       0xe0 /home/alan/stm32f103c8t6/libopencm3/lib/libopencm3_stm32f1.a(rcc.o)
 .debug_macro   0x00000000000021c5       0x16 /home/alan/stm32f103c8t6/libopencm3/lib/libopencm3_stm32f1.a(rcc.o)
 .debug_macro   0x00000000000021db      0x82c /home/alan/stm32f103c8t6/libopencm3/lib/libopencm3_stm32f1.a(rcc.o)
 .debug_macro   0x0000000000002a07       0xdc /home/alan/stm32f103c8t6/libopencm3/lib/libopencm3_stm32f1.a(rcc.o)
 .debug_macro   0x0000000000002ae3       0x82 /home/alan/stm32f103c8t6/libopencm3/lib/libopencm3_stm32f1.a(rcc.o)
 .debug_macro   0x0000000000002b65       0xb9 /home/alan/stm32f103c8t6/libopencm3/lib/libopencm3_stm32f1.a(gpio_common_all.o)
 .debug_macro   0x0000000000002c1e       0xcc /home/alan/stm32f103c8t6/libopencm3/lib/libopencm3_stm32f1.a(timer_common_all.o)
 .debug_macro   0x0000000000002cea      0xf96 /home/alan/stm32f103c8t6/libopencm3/lib/libopencm3_stm32f1.a(timer_common_all.o)
 .debug_macro   0x0000000000003c80       0xdb /home/alan/stm32f103c8t6/libopencm3/lib/libopencm3_stm32f1.a(usart_common_all.o)
 .debug_macro   0x0000000000003d5b       0x94 /home/alan/stm32f103c8t6/libopencm3/lib/libopencm3_stm32f1.a(usart_common_all.o)
 .debug_macro   0x0000000000003def      0x29e /home/alan/stm32f103c8t6/libopencm3/lib/libopencm3_stm32f1.a(usart_common_all.o)
 .debug_macro   0x000000000000408d       0xdb /home/alan/stm32f103c8t6/libopencm3/lib/libopencm3_stm32f1.a(usart_common_f124.o)
 .debug_macro   0x0000000000004168       0xcf /home/alan/stm32f103c8t6/libopencm3/lib/libopencm3_stm32f1.a(rcc_common_all.o)
 .debug_macro   0x0000000000004237       0xb9 /home/alan/stm32f103c8t6/libopencm3/lib/libopencm3_stm32f1.a(flash_common_f01.o)
 .debug_macro   0x00000000000042f0       0xd0 /home/alan/stm32f103c8t6/libopencm3/lib/libopencm3_stm32f1.a(vector.o)
 .debug_macro   0x00000000000043c0      0x3a1 /home/alan/stm32f103c8t6/libopencm3/lib/libopencm3_stm32f1.a(vector.o)
 .debug_macro   0x0000000000004761       0x6a /home/alan/stm32f103c8t6/libopencm3/lib/libopencm3_stm32f1.a(vector.o)
 .debug_macro   0x00000000000047cb      0x1a2 /home/alan/stm32f103c8t6/libopencm3/lib/libopencm3_stm32f1.a(vector.o)
 .debug_macro   0x000000000000496d       0xb4 /home/alan/stm32f103c8t6/libopencm3/lib/libopencm3_stm32f1.a(nvic.o)
 .debug_macro   0x0000000000004a21       0x64 /home/alan/stm32f103c8t6/libopencm3/lib/libopencm3_stm32f1.a(nvic.o)
 .debug_macro   0x0000000000004a85      0x1b0 /home/alan/stm32f103c8t6/libopencm3/lib/libopencm3_stm32f1.a(nvic.o)
